../Drivers/CMSIS/Include/core_cm4.h:1933:34:__NVIC_SystemReset	4	static,ignoring_inline_asm
../Core/Src/main.c:71:5:__io_putchar	16	static
../Core/Src/main.c:82:6:set_PWM	16	static
../Core/Src/main.c:112:6:set_PWM_ratio	24	static
../Core/Src/main.c:127:6:set_PWM_speed	16	static
../Core/Src/main.c:139:6:start_PWM	8	static
../Core/Src/main.c:156:6:stop_PWM	8	static
../Core/Src/main.c:170:6:reset_inverter	8	static
../Core/Src/main.c:177:6:read_current	24	static
../Core/Src/main.c:200:5:main	8	static
../Core/Src/main.c:254:6:SystemClock_Config	88	static
../Core/Src/main.c:307:6:HAL_TIM_PeriodElapsedCallback	16	static
../Core/Src/main.c:324:6:Error_Handler	4	static,ignoring_inline_asm
